<Window x:Class="WpfApp1.UserControl1"
        xmlns="http://schemas.microsoft.com/winfx/2006/xaml/presentation"
        xmlns:x="http://schemas.microsoft.com/winfx/2006/xaml"><!--TODO <Test>-->
    <Grid>
        <!--Start of <StackPanel>--><StackPanel>
            <!--TODO-->
            <TextBlock Text="Text"/>
        </StackPanel>
    </Grid><!--> /> Symbols </ <-->
</Window>